../Core/Src/main.c:81:6:display_Light	48	static
../Core/Src/main.c:94:5:main	8	static
../Core/Src/main.c:152:6:SystemClock_Config	88	static
../Core/Src/main.c:198:13:MX_ADC1_Init	24	static
../Core/Src/main.c:250:13:MX_I2C1_Init	8	static
../Core/Src/main.c:284:13:MX_I2C2_Init	8	static
../Core/Src/main.c:318:13:MX_TIM2_Init	32	static
../Core/Src/main.c:363:13:MX_TIM3_Init	32	static
../Core/Src/main.c:408:13:MX_GPIO_Init	48	static
../Core/Src/main.c:441:6:HAL_TIM_PeriodElapsedCallback	16	static
../Core/Src/main.c:452:6:Error_Handler	4	static,ignoring_inline_asm
