../Core/Src/main.c:173:6:display_Light	48	static
../Core/Src/main.c:243:5:main	8	static
../Core/Src/main.c:345:6:SystemClock_Config	88	static
../Core/Src/main.c:391:13:MX_ADC1_Init	24	static
../Core/Src/main.c:443:13:MX_I2C1_Init	8	static
../Core/Src/main.c:477:13:MX_TIM2_Init	32	static
../Core/Src/main.c:522:13:MX_TIM3_Init	32	static
../Core/Src/main.c:567:13:MX_GPIO_Init	48	static
../Core/Src/main.c:600:6:HAL_TIM_PeriodElapsedCallback	16	static
../Core/Src/main.c:610:6:Error_Handler	4	static,ignoring_inline_asm
