../Core/Src/main.c:84:6:display_Light	1
../Core/Src/main.c:94:6:rgb_color	1
../Core/Src/main.c:105:5:main	1
../Core/Src/main.c:168:6:SystemClock_Config	3
../Core/Src/main.c:214:13:MX_ADC1_Init	3
../Core/Src/main.c:266:13:MX_I2C1_Init	2
../Core/Src/main.c:300:13:MX_I2C2_Init	2
../Core/Src/main.c:334:13:MX_TIM2_Init	4
../Core/Src/main.c:379:13:MX_TIM3_Init	4
../Core/Src/main.c:424:13:MX_TIM5_Init	8
../Core/Src/main.c:491:13:MX_GPIO_Init	1
../Core/Src/main.c:524:6:HAL_TIM_PeriodElapsedCallback	1
../Core/Src/main.c:535:6:Error_Handler	1
